[ulyssejapangithub.wordpress.com/index.html]
[backblue.gif]
[fade.gif]
[index.html]
[s1.wp.com/wp-content/blog-plugins/marketing-bar/css/marketing-bar31b8.css]
[ulyssejapangithub.wordpress.com/feed/index.html]
[ulyssejapangithub.wordpress.com/comments/feed/index.html]
[s1.wp.com/wp-content/plugins/gutenberg-core/v18.0.0/build/block-library/blocks/navigation/style72a3.css]
[widgets.wp.com/verbum-block-editor/block-editor0a16.css]
[ulyssejapangithub.wordpress.com/xmlrpc0db0.php]
[s2.wp.com/i/webclip.png]
[ulyssejapangithub.wordpress.com/osd.xml]
[ulyssejapangithub.files.wordpress.com/2024/04/languages-around-the-world2dff.png]
[ulyssejapangithub.wordpress.com/a-propos/index.html]
[ulyssejapangithub.files.wordpress.com/2024/04/japan-2107x1406-12dff.jpg]
[0.gravatar.com/js/hovercards/hovercards.minb021.js]
[s2.wp.com/wp-content/mu-plugins/gravatar-hovercards/wpgrohoe8bd.js]
[s2.wp.com/i/logo/wpcom-gray-white.png]
[s0.wp.com/wp-content/mu-plugins/actionbar/actionbarf84d.css]
[s0.wp.com/wp-content/mu-plugins/actionbar/actionbar4dc1.js]
[stats.wp.com/w735b.js]
[ulyssejapangithub.wordpress.com/wp-content/plugins/ie-sitemode/custom-jumplist.php]
[pixel.wp.com/b0b80.gif]
[ulyssejapangithub.wordpress.com/index.html]
[s1.wp.com/wp-content/blog-plugins/marketing-bar/css/marketing-bar31b8.css]
[s1.wp.com/wp-content/plugins/gutenberg-core/v18.0.0/build/block-library/blocks/navigation/style72a3.css]
[ulyssejapangithub.wordpress.com/wp-content/js/bilmur.min56b5.js]
[s1.wp.com/_static/indexd02a.html]
[widgets.wp.com/verbum-block-editor/block-editor0a16.css]
[s2.wp.com/wp-content/themes/h4/globalf753.css]
[ulyssejapangithub.wordpress.com/a-propos/feed/index.html]
[ulyssejapangithub.wordpress.com/a-propos/index.html]
[s0.wp.com/wp-content/mu-plugins/actionbar/actionbarf84d.css]
[s1.wp.com/wp-content/mu-plugins/comment-likes/js/comment-likes9835.js]
